2026-06-09 21:03:49,227 -  INFO - R1 - Connection started
2026-06-09 21:03:49,254 -  INFO - Connected (version 2.0, client Cisco-1.25)
2026-06-09 21:03:49,981 -  INFO - Authentication (password) successful!
2026-06-09 21:03:50,294 -  INFO - R1 - Connection started
2026-06-09 21:03:50,307 -  INFO - R1 - sending configuration
2026-06-09 21:03:50,684 -  INFO - R1 - Configuration Apllied Successfully
2026-06-09 21:03:50,792 -  INFO - R1 - BGP verification succesfully completed
2026-06-09 21:03:50,816 -  INFO - R1 - Disconnected succesfully
2026-06-09 21:03:50,816 -  INFO - R2 - Connection started
2026-06-09 21:03:50,871 -  INFO - Connected (version 2.0, client Cisco-1.25)
2026-06-09 21:03:51,579 -  INFO - Authentication (password) successful!
2026-06-09 21:03:51,839 -  INFO - R2 - Connection started
2026-06-09 21:03:51,861 -  INFO - R2 - sending configuration
2026-06-09 21:03:52,481 -  INFO - R2 - Configuration Apllied Successfully
2026-06-09 21:03:52,591 -  INFO - R2 - BGP verification succesfully completed
2026-06-09 21:03:52,615 -  INFO - R2 - Disconnected succesfully
2026-06-09 21:03:52,616 -  INFO - R3 - Connection started
2026-06-09 21:03:52,652 -  INFO - Connected (version 2.0, client Cisco-1.25)
2026-06-09 21:03:53,366 -  INFO - Authentication (password) successful!
2026-06-09 21:03:53,658 -  INFO - R3 - Connection started
2026-06-09 21:03:53,681 -  INFO - R3 - sending configuration
2026-06-09 21:03:54,274 -  INFO - R3 - Configuration Apllied Successfully
2026-06-09 21:03:54,373 -  INFO - R3 - BGP verification succesfully completed
2026-06-09 21:03:54,396 -  INFO - R3 - Disconnected succesfully
2026-06-09 21:03:54,396 -  INFO - R4 - Connection started
2026-06-09 21:03:54,438 -  INFO - Connected (version 2.0, client Cisco-1.25)
2026-06-09 21:03:55,211 -  INFO - Authentication (password) successful!
2026-06-09 21:03:55,479 -  INFO - R4 - Connection started
2026-06-09 21:03:55,491 -  INFO - R4 - sending configuration
2026-06-09 21:03:55,887 -  INFO - R4 - Configuration Apllied Successfully
2026-06-09 21:03:55,983 -  INFO - R4 - BGP verification succesfully completed
2026-06-09 21:03:56,006 -  INFO - R4 - Disconnected succesfully
2026-06-09 21:05:26,685 -  INFO - R1 - Connection started
2026-06-09 21:05:26,709 -  INFO - Connected (version 2.0, client Cisco-1.25)
2026-06-09 21:05:27,427 -  INFO - Authentication (password) successful!
2026-06-09 21:05:27,720 -  INFO - R1 - Connection started
2026-06-09 21:05:27,743 -  INFO - R1 - sending configuration
2026-06-09 21:05:28,097 -  INFO - R1 - Configuration Apllied Successfully
2026-06-09 21:05:28,205 -  INFO - R1 - BGP verification succesfully completed
2026-06-09 21:05:28,228 -  INFO - R1 - Disconnected succesfully
2026-06-09 21:05:28,228 -  INFO - R2 - Connection started
2026-06-09 21:05:28,263 -  INFO - Connected (version 2.0, client Cisco-1.25)
2026-06-09 21:05:28,979 -  INFO - Authentication (password) successful!
2026-06-09 21:05:29,247 -  INFO - R2 - Connection started
2026-06-09 21:05:29,270 -  INFO - R2 - sending configuration
2026-06-09 21:05:29,839 -  INFO - R2 - Configuration Apllied Successfully
2026-06-09 21:05:29,948 -  INFO - R2 - BGP verification succesfully completed
2026-06-09 21:05:29,960 -  INFO - R2 - Disconnected succesfully
2026-06-09 21:05:29,961 -  INFO - R3 - Connection started
2026-06-09 21:05:30,006 -  INFO - Connected (version 2.0, client Cisco-1.25)
2026-06-09 21:05:30,719 -  INFO - Authentication (password) successful!
2026-06-09 21:05:30,976 -  INFO - R3 - Connection started
2026-06-09 21:05:30,999 -  INFO - R3 - sending configuration
2026-06-09 21:05:31,560 -  INFO - R3 - Configuration Apllied Successfully
2026-06-09 21:05:31,667 -  INFO - R3 - BGP verification succesfully completed
2026-06-09 21:05:31,680 -  INFO - R3 - Disconnected succesfully
2026-06-09 21:05:31,680 -  INFO - R4 - Connection started
2026-06-09 21:05:31,709 -  INFO - Connected (version 2.0, client Cisco-1.25)
2026-06-09 21:05:32,403 -  INFO - Authentication (password) successful!
2026-06-09 21:05:32,680 -  INFO - R4 - Connection started
2026-06-09 21:05:32,703 -  INFO - R4 - sending configuration
2026-06-09 21:05:33,119 -  INFO - R4 - Configuration Apllied Successfully
2026-06-09 21:05:33,225 -  INFO - R4 - BGP verification succesfully completed
2026-06-09 21:05:33,247 -  INFO - R4 - Disconnected succesfully
